---
source: src/manipulator/time.rs
expression: serialization.unwrap()
---
fallback_start = 0.0
