---
source: src/manipulator/re.rs
expression: actual.unwrap()
---
---- root.graphml:
<?xml version="1.0" encoding="UTF-8"?>
<graphml>
    <key id="k0" for="graph" attr.name="configuration" attr.type="string"/>
    <key id="k1" for="node" attr.name="lemma" attr.type="string"/>
    <key id="k2" for="node" attr.name="annis::node_type" attr.type="string"/>
    <key id="k3" for="node" attr.name="pos" attr.type="string"/>
    <key id="k4" for="node" attr.name="text" attr.type="string"/>
    <key id="k5" for="node" attr.name="annis::tok" attr.type="string"/>
    <graph edgedefault="directed" parse.order="nodesfirst" parse.nodeids="free" parse.edgeids="canonical">
        <data key="k0"><![CDATA[
# configure visualizations here
]]></data>
        <node id="root">
            <data key="k2">corpus</data>
        </node>
        <node id="root/b">
            <data key="k2">corpus</data>
        </node>
        <node id="root/b/doc">
            <data key="k2">corpus</data>
        </node>
        <node id="root/b/doc#t1">
            <data key="k1">I</data>
            <data key="k2">node</data>
            <data key="k3">PRON</data>
            <data key="k4">I</data>
            <data key="k5">I</data>
        </node>
        <node id="root/b/doc#t2">
            <data key="k1">be</data>
            <data key="k2">node</data>
            <data key="k3">VERB</data>
            <data key="k4">am</data>
            <data key="k5">am</data>
        </node>
        <node id="root/b/doc#t3">
            <data key="k1">in</data>
            <data key="k2">node</data>
            <data key="k3">ADP</data>
            <data key="k4">in</data>
            <data key="k5">in</data>
        </node>
        <node id="root/b/doc#t4">
            <data key="k1">Berlin</data>
            <data key="k2">node</data>
            <data key="k3">PROPN</data>
            <data key="k4">Berlin</data>
            <data key="k5">Berlin</data>
        </node>
        <edge id="e0" source="root/b/doc#t2" target="root/b/doc#t1" label="Pointing/syntax/dep">
        </edge>
        <edge id="e1" source="root/b/doc#t2" target="root/b/doc#t3" label="Pointing/syntax/dep">
        </edge>
        <edge id="e2" source="root/b/doc#t3" target="root/b/doc#t4" label="Pointing/syntax/dep">
        </edge>
        <edge id="e3" source="root/b/doc#t1" target="root/b/doc#t2" label="Ordering/annis/">
        </edge>
        <edge id="e4" source="root/b/doc#t2" target="root/b/doc#t3" label="Ordering/annis/">
        </edge>
        <edge id="e5" source="root/b/doc#t3" target="root/b/doc#t4" label="Ordering/annis/">
        </edge>
        <edge id="e6" source="root/b/doc#t1" target="root/b/doc#t2" label="Ordering/annis/text">
        </edge>
        <edge id="e7" source="root/b/doc#t2" target="root/b/doc#t3" label="Ordering/annis/text">
        </edge>
        <edge id="e8" source="root/b/doc#t3" target="root/b/doc#t4" label="Ordering/annis/text">
        </edge>
        <edge id="e9" source="root/b" target="root" label="PartOf/annis/">
        </edge>
        <edge id="e10" source="root/b/doc" target="root/b" label="PartOf/annis/">
        </edge>
        <edge id="e11" source="root/b/doc#t1" target="root/b/doc" label="PartOf/annis/">
        </edge>
        <edge id="e12" source="root/b/doc#t2" target="root/b/doc" label="PartOf/annis/">
        </edge>
        <edge id="e13" source="root/b/doc#t3" target="root/b/doc" label="PartOf/annis/">
        </edge>
        <edge id="e14" source="root/b/doc#t4" target="root/b/doc" label="PartOf/annis/">
        </edge>
    </graph>
</graphml>
