---
source: src/manipulator/time.rs
expression: actual.unwrap()
---
<?xml version="1.0" encoding="UTF-8"?>
<graphml>
    <key id="k0" for="graph" attr.name="configuration" attr.type="string"/>
    <key id="k1" for="node" attr.name="dipl::abbreviation" attr.type="string"/>
    <key id="k2" for="node" attr.name="norm::abbreviation" attr.type="string"/>
    <key id="k3" for="node" attr.name="dipl::comment" attr.type="string"/>
    <key id="k4" for="node" attr.name="norm::comment" attr.type="string"/>
    <key id="k5" for="node" attr.name="dipl::dipl" attr.type="string"/>
    <key id="k6" for="node" attr.name="annis::doc" attr.type="string"/>
    <key id="k7" for="node" attr.name="annis::file" attr.type="string"/>
    <key id="k8" for="node" attr.name="norm::l1" attr.type="string"/>
    <key id="k9" for="node" attr.name="norm::l2" attr.type="string"/>
    <key id="k10" for="node" attr.name="norm::languages-used" attr.type="string"/>
    <key id="k11" for="node" attr.name="annis::layer" attr.type="string"/>
    <key id="k12" for="node" attr.name="norm::lemma" attr.type="string"/>
    <key id="k13" for="node" attr.name="annis::node_type" attr.type="string"/>
    <key id="k14" for="node" attr.name="norm::norm" attr.type="string"/>
    <key id="k15" for="node" attr.name="norm::personal-anno-key-1" attr.type="string"/>
    <key id="k16" for="node" attr.name="norm::personal-anno-key-2" attr.type="string"/>
    <key id="k17" for="node" attr.name="norm::pos" attr.type="string"/>
    <key id="k18" for="node" attr.name="dipl::sentence" attr.type="string"/>
    <key id="k19" for="node" attr.name="annis::time" attr.type="string"/>
    <key id="k20" for="node" attr.name="annis::tok" attr.type="string"/>
    <graph edgedefault="directed" parse.order="nodesfirst" parse.nodeids="free" parse.edgeids="canonical">
        <data key="k0"><![CDATA[
# configure visualizations here
]]></data>
        <node id="valid-sparse-timevalues_2">
            <data key="k13">corpus</data>
        </node>
        <node id="valid-sparse-timevalues_2/import">
            <data key="k13">corpus</data>
        </node>
        <node id="valid-sparse-timevalues_2/import/exmaralda">
            <data key="k13">corpus</data>
        </node>
        <node id="valid-sparse-timevalues_2/import/exmaralda/test_doc">
            <data key="k1">dipl</data>
            <data key="k10">eng,eng</data>
            <data key="k13">corpus</data>
            <data key="k15">personal-anno-value-1</data>
            <data key="k16">personal-anno-value-2</data>
            <data key="k2">norm</data>
            <data key="k3">was late for elicitation</data>
            <data key="k4">was on time</data>
            <data key="k6">test_doc</data>
            <data key="k8">eng</data>
            <data key="k9">deu</data>
        </node>
        <node id="valid-sparse-timevalues_2/import/exmaralda/test_file.wav">
            <data key="k13">file</data>
            <data key="k7">tests/data/import/exmaralda/valid-sparse-timevalues_2/import/exmaralda/test_file.wav</data>
        </node>
        <node id="valid-sparse-timevalues_2/import/exmaralda/test_doc#T286">
            <data key="k13">node</data>
            <data key="k19">0.0000000000000000-1.0000000000000000</data>
            <data key="k20"> </data>
        </node>
        <node id="valid-sparse-timevalues_2/import/exmaralda/test_doc#T0">
            <data key="k13">node</data>
            <data key="k19">1.0000000000000000-2.1481466666666664</data>
            <data key="k20"> </data>
        </node>
        <node id="valid-sparse-timevalues_2/import/exmaralda/test_doc#T1">
            <data key="k13">node</data>
            <data key="k19">2.1481466666666664-3.2962933333333333</data>
            <data key="k20"> </data>
        </node>
        <node id="valid-sparse-timevalues_2/import/exmaralda/test_doc#T2">
            <data key="k13">node</data>
            <data key="k19">3.2962933333333333-4.4444400000000002</data>
            <data key="k20"> </data>
        </node>
        <node id="valid-sparse-timevalues_2/import/exmaralda/test_doc#T3">
            <data key="k13">node</data>
            <data key="k19">4.4444400000000002-5.5555500000000002</data>
            <data key="k20"> </data>
        </node>
        <node id="valid-sparse-timevalues_2/import/exmaralda/test_doc#T4">
            <data key="k13">node</data>
            <data key="k20"> </data>
        </node>
        <node id="valid-sparse-timevalues_2/import/exmaralda/test_doc#t_dipl_T286-T1">
            <data key="k11">dipl</data>
            <data key="k13">node</data>
            <data key="k19">0.0000000000000000-2.1481466666666664</data>
            <data key="k20">I&apos;m</data>
            <data key="k5">I&apos;m</data>
        </node>
        <node id="valid-sparse-timevalues_2/import/exmaralda/test_doc#t_dipl_T1-T2">
            <data key="k11">dipl</data>
            <data key="k13">node</data>
            <data key="k19">2.1481466666666664-3.2962933333333333</data>
            <data key="k20">in</data>
            <data key="k5">in</data>
        </node>
        <node id="valid-sparse-timevalues_2/import/exmaralda/test_doc#t_dipl_T2-T3">
            <data key="k11">dipl</data>
            <data key="k13">node</data>
            <data key="k19">3.2962933333333333-4.4444400000000002</data>
            <data key="k20">New</data>
            <data key="k5">New</data>
        </node>
        <node id="valid-sparse-timevalues_2/import/exmaralda/test_doc#t_dipl_T3-T4">
            <data key="k11">dipl</data>
            <data key="k13">node</data>
            <data key="k19">4.44444-5.55555</data>
            <data key="k20">York</data>
            <data key="k5">York</data>
        </node>
        <node id="valid-sparse-timevalues_2/import/exmaralda/test_doc#t_norm_T286-T0">
            <data key="k11">norm</data>
            <data key="k13">node</data>
            <data key="k14">I</data>
            <data key="k19">0-1</data>
            <data key="k20">I</data>
        </node>
        <node id="valid-sparse-timevalues_2/import/exmaralda/test_doc#t_norm_T0-T1">
            <data key="k11">norm</data>
            <data key="k13">node</data>
            <data key="k14">am</data>
            <data key="k19">1.0000000000000000-2.1481466666666664</data>
            <data key="k20">am</data>
        </node>
        <node id="valid-sparse-timevalues_2/import/exmaralda/test_doc#t_norm_T1-T2">
            <data key="k11">norm</data>
            <data key="k13">node</data>
            <data key="k14">in</data>
            <data key="k19">2.1481466666666664-3.2962933333333333</data>
            <data key="k20">in</data>
        </node>
        <node id="valid-sparse-timevalues_2/import/exmaralda/test_doc#t_norm_T2-T4">
            <data key="k11">norm</data>
            <data key="k13">node</data>
            <data key="k14">New York</data>
            <data key="k19">3.2962933333333333-5.5555500000000002</data>
            <data key="k20">New York</data>
        </node>
        <node id="valid-sparse-timevalues_2/import/exmaralda/test_doc#a_dipl_T286-T4">
            <data key="k11">dipl</data>
            <data key="k13">node</data>
            <data key="k18">1</data>
            <data key="k19">0-5.55555</data>
        </node>
        <node id="valid-sparse-timevalues_2/import/exmaralda/test_doc#a_norm_T286-T0">
            <data key="k11">norm</data>
            <data key="k12">I</data>
            <data key="k13">node</data>
            <data key="k17">PRON</data>
            <data key="k19">0-1</data>
        </node>
        <node id="valid-sparse-timevalues_2/import/exmaralda/test_doc#a_norm_T0-T1">
            <data key="k11">norm</data>
            <data key="k12">be</data>
            <data key="k13">node</data>
            <data key="k17">VERB</data>
            <data key="k19">1.0000000000000000-2.1481466666666664</data>
        </node>
        <node id="valid-sparse-timevalues_2/import/exmaralda/test_doc#a_norm_T1-T2">
            <data key="k11">norm</data>
            <data key="k12">in</data>
            <data key="k13">node</data>
            <data key="k17">ADP</data>
            <data key="k19">2.1481466666666664-3.2962933333333333</data>
        </node>
        <node id="valid-sparse-timevalues_2/import/exmaralda/test_doc#a_norm_T2-T4">
            <data key="k11">norm</data>
            <data key="k12">New York</data>
            <data key="k13">node</data>
            <data key="k17">PRON</data>
            <data key="k19">3.2962933333333333-5.5555500000000002</data>
        </node>
        <edge id="e0" source="valid-sparse-timevalues_2/import/exmaralda/test_doc#t_dipl_T286-T1" target="valid-sparse-timevalues_2/import/exmaralda/test_doc#T286" label="Coverage/annis/">
        </edge>
        <edge id="e1" source="valid-sparse-timevalues_2/import/exmaralda/test_doc#t_dipl_T286-T1" target="valid-sparse-timevalues_2/import/exmaralda/test_doc#T0" label="Coverage/annis/">
        </edge>
        <edge id="e2" source="valid-sparse-timevalues_2/import/exmaralda/test_doc#t_dipl_T1-T2" target="valid-sparse-timevalues_2/import/exmaralda/test_doc#T1" label="Coverage/annis/">
        </edge>
        <edge id="e3" source="valid-sparse-timevalues_2/import/exmaralda/test_doc#t_dipl_T2-T3" target="valid-sparse-timevalues_2/import/exmaralda/test_doc#T2" label="Coverage/annis/">
        </edge>
        <edge id="e4" source="valid-sparse-timevalues_2/import/exmaralda/test_doc#t_dipl_T3-T4" target="valid-sparse-timevalues_2/import/exmaralda/test_doc#T3" label="Coverage/annis/">
        </edge>
        <edge id="e5" source="valid-sparse-timevalues_2/import/exmaralda/test_doc#t_norm_T286-T0" target="valid-sparse-timevalues_2/import/exmaralda/test_doc#T286" label="Coverage/annis/">
        </edge>
        <edge id="e6" source="valid-sparse-timevalues_2/import/exmaralda/test_doc#t_norm_T0-T1" target="valid-sparse-timevalues_2/import/exmaralda/test_doc#T0" label="Coverage/annis/">
        </edge>
        <edge id="e7" source="valid-sparse-timevalues_2/import/exmaralda/test_doc#t_norm_T1-T2" target="valid-sparse-timevalues_2/import/exmaralda/test_doc#T1" label="Coverage/annis/">
        </edge>
        <edge id="e8" source="valid-sparse-timevalues_2/import/exmaralda/test_doc#t_norm_T2-T4" target="valid-sparse-timevalues_2/import/exmaralda/test_doc#T2" label="Coverage/annis/">
        </edge>
        <edge id="e9" source="valid-sparse-timevalues_2/import/exmaralda/test_doc#t_norm_T2-T4" target="valid-sparse-timevalues_2/import/exmaralda/test_doc#T3" label="Coverage/annis/">
        </edge>
        <edge id="e10" source="valid-sparse-timevalues_2/import/exmaralda/test_doc#a_dipl_T286-T4" target="valid-sparse-timevalues_2/import/exmaralda/test_doc#T286" label="Coverage/annis/">
        </edge>
        <edge id="e11" source="valid-sparse-timevalues_2/import/exmaralda/test_doc#a_dipl_T286-T4" target="valid-sparse-timevalues_2/import/exmaralda/test_doc#T0" label="Coverage/annis/">
        </edge>
        <edge id="e12" source="valid-sparse-timevalues_2/import/exmaralda/test_doc#a_dipl_T286-T4" target="valid-sparse-timevalues_2/import/exmaralda/test_doc#T1" label="Coverage/annis/">
        </edge>
        <edge id="e13" source="valid-sparse-timevalues_2/import/exmaralda/test_doc#a_dipl_T286-T4" target="valid-sparse-timevalues_2/import/exmaralda/test_doc#T2" label="Coverage/annis/">
        </edge>
        <edge id="e14" source="valid-sparse-timevalues_2/import/exmaralda/test_doc#a_dipl_T286-T4" target="valid-sparse-timevalues_2/import/exmaralda/test_doc#T3" label="Coverage/annis/">
        </edge>
        <edge id="e15" source="valid-sparse-timevalues_2/import/exmaralda/test_doc#a_norm_T286-T0" target="valid-sparse-timevalues_2/import/exmaralda/test_doc#T286" label="Coverage/annis/">
        </edge>
        <edge id="e16" source="valid-sparse-timevalues_2/import/exmaralda/test_doc#a_norm_T0-T1" target="valid-sparse-timevalues_2/import/exmaralda/test_doc#T0" label="Coverage/annis/">
        </edge>
        <edge id="e17" source="valid-sparse-timevalues_2/import/exmaralda/test_doc#a_norm_T1-T2" target="valid-sparse-timevalues_2/import/exmaralda/test_doc#T1" label="Coverage/annis/">
        </edge>
        <edge id="e18" source="valid-sparse-timevalues_2/import/exmaralda/test_doc#a_norm_T2-T4" target="valid-sparse-timevalues_2/import/exmaralda/test_doc#T2" label="Coverage/annis/">
        </edge>
        <edge id="e19" source="valid-sparse-timevalues_2/import/exmaralda/test_doc#a_norm_T2-T4" target="valid-sparse-timevalues_2/import/exmaralda/test_doc#T3" label="Coverage/annis/">
        </edge>
        <edge id="e20" source="valid-sparse-timevalues_2/import/exmaralda/test_doc#T286" target="valid-sparse-timevalues_2/import/exmaralda/test_doc#T0" label="Ordering/annis/">
        </edge>
        <edge id="e21" source="valid-sparse-timevalues_2/import/exmaralda/test_doc#T0" target="valid-sparse-timevalues_2/import/exmaralda/test_doc#T1" label="Ordering/annis/">
        </edge>
        <edge id="e22" source="valid-sparse-timevalues_2/import/exmaralda/test_doc#T1" target="valid-sparse-timevalues_2/import/exmaralda/test_doc#T2" label="Ordering/annis/">
        </edge>
        <edge id="e23" source="valid-sparse-timevalues_2/import/exmaralda/test_doc#T2" target="valid-sparse-timevalues_2/import/exmaralda/test_doc#T3" label="Ordering/annis/">
        </edge>
        <edge id="e24" source="valid-sparse-timevalues_2/import/exmaralda/test_doc#T3" target="valid-sparse-timevalues_2/import/exmaralda/test_doc#T4" label="Ordering/annis/">
        </edge>
        <edge id="e25" source="valid-sparse-timevalues_2/import/exmaralda/test_doc#t_dipl_T286-T1" target="valid-sparse-timevalues_2/import/exmaralda/test_doc#t_dipl_T1-T2" label="Ordering/annis/dipl">
        </edge>
        <edge id="e26" source="valid-sparse-timevalues_2/import/exmaralda/test_doc#t_dipl_T1-T2" target="valid-sparse-timevalues_2/import/exmaralda/test_doc#t_dipl_T2-T3" label="Ordering/annis/dipl">
        </edge>
        <edge id="e27" source="valid-sparse-timevalues_2/import/exmaralda/test_doc#t_dipl_T2-T3" target="valid-sparse-timevalues_2/import/exmaralda/test_doc#t_dipl_T3-T4" label="Ordering/annis/dipl">
        </edge>
        <edge id="e28" source="valid-sparse-timevalues_2/import/exmaralda/test_doc#t_norm_T286-T0" target="valid-sparse-timevalues_2/import/exmaralda/test_doc#t_norm_T0-T1" label="Ordering/annis/norm">
        </edge>
        <edge id="e29" source="valid-sparse-timevalues_2/import/exmaralda/test_doc#t_norm_T0-T1" target="valid-sparse-timevalues_2/import/exmaralda/test_doc#t_norm_T1-T2" label="Ordering/annis/norm">
        </edge>
        <edge id="e30" source="valid-sparse-timevalues_2/import/exmaralda/test_doc#t_norm_T1-T2" target="valid-sparse-timevalues_2/import/exmaralda/test_doc#t_norm_T2-T4" label="Ordering/annis/norm">
        </edge>
        <edge id="e31" source="valid-sparse-timevalues_2/import" target="valid-sparse-timevalues_2" label="PartOf/annis/">
        </edge>
        <edge id="e32" source="valid-sparse-timevalues_2/import/exmaralda" target="valid-sparse-timevalues_2/import" label="PartOf/annis/">
        </edge>
        <edge id="e33" source="valid-sparse-timevalues_2/import/exmaralda/test_doc" target="valid-sparse-timevalues_2/import/exmaralda" label="PartOf/annis/">
        </edge>
        <edge id="e34" source="valid-sparse-timevalues_2/import/exmaralda/test_file.wav" target="valid-sparse-timevalues_2/import/exmaralda/test_doc" label="PartOf/annis/">
        </edge>
        <edge id="e35" source="valid-sparse-timevalues_2/import/exmaralda/test_doc#T286" target="valid-sparse-timevalues_2/import/exmaralda/test_doc" label="PartOf/annis/">
        </edge>
        <edge id="e36" source="valid-sparse-timevalues_2/import/exmaralda/test_doc#T0" target="valid-sparse-timevalues_2/import/exmaralda/test_doc" label="PartOf/annis/">
        </edge>
        <edge id="e37" source="valid-sparse-timevalues_2/import/exmaralda/test_doc#T1" target="valid-sparse-timevalues_2/import/exmaralda/test_doc" label="PartOf/annis/">
        </edge>
        <edge id="e38" source="valid-sparse-timevalues_2/import/exmaralda/test_doc#T2" target="valid-sparse-timevalues_2/import/exmaralda/test_doc" label="PartOf/annis/">
        </edge>
        <edge id="e39" source="valid-sparse-timevalues_2/import/exmaralda/test_doc#T3" target="valid-sparse-timevalues_2/import/exmaralda/test_doc" label="PartOf/annis/">
        </edge>
        <edge id="e40" source="valid-sparse-timevalues_2/import/exmaralda/test_doc#T4" target="valid-sparse-timevalues_2/import/exmaralda/test_doc" label="PartOf/annis/">
        </edge>
        <edge id="e41" source="valid-sparse-timevalues_2/import/exmaralda/test_doc#t_dipl_T286-T1" target="valid-sparse-timevalues_2/import/exmaralda/test_doc" label="PartOf/annis/">
        </edge>
        <edge id="e42" source="valid-sparse-timevalues_2/import/exmaralda/test_doc#t_dipl_T1-T2" target="valid-sparse-timevalues_2/import/exmaralda/test_doc" label="PartOf/annis/">
        </edge>
        <edge id="e43" source="valid-sparse-timevalues_2/import/exmaralda/test_doc#t_dipl_T2-T3" target="valid-sparse-timevalues_2/import/exmaralda/test_doc" label="PartOf/annis/">
        </edge>
        <edge id="e44" source="valid-sparse-timevalues_2/import/exmaralda/test_doc#t_dipl_T3-T4" target="valid-sparse-timevalues_2/import/exmaralda/test_doc" label="PartOf/annis/">
        </edge>
        <edge id="e45" source="valid-sparse-timevalues_2/import/exmaralda/test_doc#t_norm_T286-T0" target="valid-sparse-timevalues_2/import/exmaralda/test_doc" label="PartOf/annis/">
        </edge>
        <edge id="e46" source="valid-sparse-timevalues_2/import/exmaralda/test_doc#t_norm_T0-T1" target="valid-sparse-timevalues_2/import/exmaralda/test_doc" label="PartOf/annis/">
        </edge>
        <edge id="e47" source="valid-sparse-timevalues_2/import/exmaralda/test_doc#t_norm_T1-T2" target="valid-sparse-timevalues_2/import/exmaralda/test_doc" label="PartOf/annis/">
        </edge>
        <edge id="e48" source="valid-sparse-timevalues_2/import/exmaralda/test_doc#t_norm_T2-T4" target="valid-sparse-timevalues_2/import/exmaralda/test_doc" label="PartOf/annis/">
        </edge>
        <edge id="e49" source="valid-sparse-timevalues_2/import/exmaralda/test_doc#a_dipl_T286-T4" target="valid-sparse-timevalues_2/import/exmaralda/test_doc" label="PartOf/annis/">
        </edge>
        <edge id="e50" source="valid-sparse-timevalues_2/import/exmaralda/test_doc#a_norm_T286-T0" target="valid-sparse-timevalues_2/import/exmaralda/test_doc" label="PartOf/annis/">
        </edge>
        <edge id="e51" source="valid-sparse-timevalues_2/import/exmaralda/test_doc#a_norm_T0-T1" target="valid-sparse-timevalues_2/import/exmaralda/test_doc" label="PartOf/annis/">
        </edge>
        <edge id="e52" source="valid-sparse-timevalues_2/import/exmaralda/test_doc#a_norm_T1-T2" target="valid-sparse-timevalues_2/import/exmaralda/test_doc" label="PartOf/annis/">
        </edge>
        <edge id="e53" source="valid-sparse-timevalues_2/import/exmaralda/test_doc#a_norm_T2-T4" target="valid-sparse-timevalues_2/import/exmaralda/test_doc" label="PartOf/annis/">
        </edge>
    </graph>
</graphml>
