---
source: src/manipulator/sleep.rs
expression: serialization.unwrap()
---
seconds = 0
