---
source: src/manipulator/check.rs
expression: log_message
---
Appending check log to file <tmp-dir>/annatto_test_report_out_append.txt ...
