---
source: src/manipulator/map.rs
expression: serialization.unwrap()
---
debug = false
