---
source: src/manipulator/split.rs
expression: graphml
---
<?xml version="1.0" encoding="UTF-8"?>
<graphml>
    <key id="k0" for="graph" attr.name="configuration" attr.type="string"/>
    <key id="k1" for="node" attr.name="Case" attr.type="string"/>
    <key id="k2" for="node" attr.name="Gender" attr.type="string"/>
    <key id="k3" for="node" attr.name="Mood" attr.type="string"/>
    <key id="k4" for="node" attr.name="Number" attr.type="string"/>
    <key id="k5" for="node" attr.name="Person" attr.type="string"/>
    <key id="k6" for="node" attr.name="Tense" attr.type="string"/>
    <key id="k7" for="node" attr.name="VerbClass" attr.type="string"/>
    <key id="k8" for="node" attr.name="annis::doc" attr.type="string"/>
    <key id="k9" for="node" attr.name="annis::layer" attr.type="string"/>
    <key id="k10" for="node" attr.name="default_ns::lemma" attr.type="string"/>
    <key id="k11" for="node" attr.name="annis::node_type" attr.type="string"/>
    <key id="k12" for="node" attr.name="default_ns::pos" attr.type="string"/>
    <key id="k13" for="node" attr.name="annis::tok" attr.type="string"/>
    <key id="k14" for="node" attr.name="annis::tok-whitespace-before" attr.type="string"/>
    <graph edgedefault="directed" parse.order="nodesfirst" parse.nodeids="free" parse.edgeids="canonical">
        <data key="k0"><![CDATA[
# configure visualizations here
]]></data>
        <node id="split_values">
            <data key="k11">corpus</data>
        </node>
        <node id="split_values/test_file">
            <data key="k11">corpus</data>
            <data key="k8">test_file</data>
        </node>
        <node id="split_values/test_file#text">
            <data key="k11">datasource</data>
        </node>
        <node id="split_values/test_file#t1">
            <data key="k1">Nom</data>
            <data key="k10">der</data>
            <data key="k11">node</data>
            <data key="k12">DDART</data>
            <data key="k13">die</data>
            <data key="k2">Fem</data>
            <data key="k4">Sg</data>
            <data key="k9">default_layer</data>
        </node>
        <node id="split_values/test_file#t2">
            <data key="k1">Nom</data>
            <data key="k10">zeit</data>
            <data key="k11">node</data>
            <data key="k12">NA</data>
            <data key="k13">zeit</data>
            <data key="k14"> </data>
            <data key="k2">Fem</data>
            <data key="k4">Sg</data>
            <data key="k9">default_layer</data>
        </node>
        <node id="split_values/test_file#t3">
            <data key="k1">Gen</data>
            <data key="k10">der</data>
            <data key="k11">node</data>
            <data key="k12">DDART</data>
            <data key="k13">des</data>
            <data key="k14"> </data>
            <data key="k4">Sg</data>
            <data key="k9">default_layer</data>
        </node>
        <node id="split_values/test_file#t4">
            <data key="k1">Gen</data>
            <data key="k10">schweigen</data>
            <data key="k11">node</data>
            <data key="k12">NA</data>
            <data key="k13">schweygens</data>
            <data key="k14"> </data>
            <data key="k4">Sg</data>
            <data key="k9">default_layer</data>
        </node>
        <node id="split_values/test_file#t5">
            <data key="k10">sein</data>
            <data key="k11">node</data>
            <data key="k12">VAFIN</data>
            <data key="k13">ist</data>
            <data key="k14"> </data>
            <data key="k3">Ind</data>
            <data key="k4">Sg</data>
            <data key="k5">3</data>
            <data key="k6">Präs</data>
            <data key="k7">Unr</data>
            <data key="k9">default_layer</data>
        </node>
        <node id="split_values/test_file#t6">
            <data key="k10">vor|vorgehen</data>
            <data key="k11">node</data>
            <data key="k12">PTKVZ|VVPP</data>
            <data key="k13">vorgangen</data>
            <data key="k14"> </data>
            <data key="k9">default_layer</data>
        </node>
        <node id="split_values/test_file#t7">
            <data key="k10">,</data>
            <data key="k11">node</data>
            <data key="k12">$_</data>
            <data key="k13">,</data>
            <data key="k14"> </data>
            <data key="k9">default_layer</data>
        </node>
        <node id="split_values/test_file#t8">
            <data key="k10">und</data>
            <data key="k11">node</data>
            <data key="k12">KON</data>
            <data key="k13">und</data>
            <data key="k14"> </data>
            <data key="k9">default_layer</data>
        </node>
        <node id="split_values/test_file#t9">
            <data key="k1">Akk</data>
            <data key="k10">der</data>
            <data key="k11">node</data>
            <data key="k12">DDART</data>
            <data key="k13">die</data>
            <data key="k14"> </data>
            <data key="k2">Fem</data>
            <data key="k4">Sg</data>
            <data key="k9">default_layer</data>
        </node>
        <node id="split_values/test_file#t10">
            <data key="k1">Akk</data>
            <data key="k10">zeit</data>
            <data key="k11">node</data>
            <data key="k12">NA</data>
            <data key="k13">zeit</data>
            <data key="k14"> </data>
            <data key="k2">Fem</data>
            <data key="k4">Sg</data>
            <data key="k9">default_layer</data>
        </node>
        <node id="split_values/test_file#t11">
            <data key="k10">zu</data>
            <data key="k11">node</data>
            <data key="k12">PTKZU</data>
            <data key="k13">zu</data>
            <data key="k14"> </data>
            <data key="k9">default_layer</data>
        </node>
        <node id="split_values/test_file#t12">
            <data key="k10">reden</data>
            <data key="k11">node</data>
            <data key="k12">VVINF</data>
            <data key="k13">reden</data>
            <data key="k14"> </data>
            <data key="k9">default_layer</data>
        </node>
        <node id="split_values/test_file#t13">
            <data key="k10">sein</data>
            <data key="k11">node</data>
            <data key="k12">VAFIN</data>
            <data key="k13">ist</data>
            <data key="k14"> </data>
            <data key="k3">Ind</data>
            <data key="k4">Sg</data>
            <data key="k5">3</data>
            <data key="k6">Präs</data>
            <data key="k7">Unr</data>
            <data key="k9">default_layer</data>
        </node>
        <node id="split_values/test_file#t14">
            <data key="k10">kommen</data>
            <data key="k11">node</data>
            <data key="k12">VVPP</data>
            <data key="k13">kommen</data>
            <data key="k14"> </data>
            <data key="k9">default_layer</data>
        </node>
        <node id="split_values/test_file#t15">
            <data key="k10">,</data>
            <data key="k11">node</data>
            <data key="k12">$_</data>
            <data key="k13">,</data>
            <data key="k14"> </data>
            <data key="k9">default_layer</data>
        </node>
        <edge id="e0" source="split_values/test_file#t14" target="split_values/test_file#t15" label="Ordering/annis/">
        </edge>
        <edge id="e1" source="split_values/test_file#t13" target="split_values/test_file#t14" label="Ordering/annis/">
        </edge>
        <edge id="e2" source="split_values/test_file#t12" target="split_values/test_file#t13" label="Ordering/annis/">
        </edge>
        <edge id="e3" source="split_values/test_file#t11" target="split_values/test_file#t12" label="Ordering/annis/">
        </edge>
        <edge id="e4" source="split_values/test_file#t10" target="split_values/test_file#t11" label="Ordering/annis/">
        </edge>
        <edge id="e5" source="split_values/test_file#t9" target="split_values/test_file#t10" label="Ordering/annis/">
        </edge>
        <edge id="e6" source="split_values/test_file#t8" target="split_values/test_file#t9" label="Ordering/annis/">
        </edge>
        <edge id="e7" source="split_values/test_file#t7" target="split_values/test_file#t8" label="Ordering/annis/">
        </edge>
        <edge id="e8" source="split_values/test_file#t6" target="split_values/test_file#t7" label="Ordering/annis/">
        </edge>
        <edge id="e9" source="split_values/test_file#t5" target="split_values/test_file#t6" label="Ordering/annis/">
        </edge>
        <edge id="e10" source="split_values/test_file#t4" target="split_values/test_file#t5" label="Ordering/annis/">
        </edge>
        <edge id="e11" source="split_values/test_file#t3" target="split_values/test_file#t4" label="Ordering/annis/">
        </edge>
        <edge id="e12" source="split_values/test_file#t2" target="split_values/test_file#t3" label="Ordering/annis/">
        </edge>
        <edge id="e13" source="split_values/test_file#t1" target="split_values/test_file#t2" label="Ordering/annis/">
        </edge>
        <edge id="e14" source="split_values/test_file" target="split_values" label="PartOf/annis/">
        </edge>
        <edge id="e15" source="split_values/test_file#text" target="split_values/test_file" label="PartOf/annis/">
        </edge>
        <edge id="e16" source="split_values/test_file#t1" target="split_values/test_file#text" label="PartOf/annis/">
        </edge>
        <edge id="e17" source="split_values/test_file#t2" target="split_values/test_file#text" label="PartOf/annis/">
        </edge>
        <edge id="e18" source="split_values/test_file#t3" target="split_values/test_file#text" label="PartOf/annis/">
        </edge>
        <edge id="e19" source="split_values/test_file#t4" target="split_values/test_file#text" label="PartOf/annis/">
        </edge>
        <edge id="e20" source="split_values/test_file#t5" target="split_values/test_file#text" label="PartOf/annis/">
        </edge>
        <edge id="e21" source="split_values/test_file#t6" target="split_values/test_file#text" label="PartOf/annis/">
        </edge>
        <edge id="e22" source="split_values/test_file#t7" target="split_values/test_file#text" label="PartOf/annis/">
        </edge>
        <edge id="e23" source="split_values/test_file#t8" target="split_values/test_file#text" label="PartOf/annis/">
        </edge>
        <edge id="e24" source="split_values/test_file#t9" target="split_values/test_file#text" label="PartOf/annis/">
        </edge>
        <edge id="e25" source="split_values/test_file#t10" target="split_values/test_file#text" label="PartOf/annis/">
        </edge>
        <edge id="e26" source="split_values/test_file#t11" target="split_values/test_file#text" label="PartOf/annis/">
        </edge>
        <edge id="e27" source="split_values/test_file#t12" target="split_values/test_file#text" label="PartOf/annis/">
        </edge>
        <edge id="e28" source="split_values/test_file#t13" target="split_values/test_file#text" label="PartOf/annis/">
        </edge>
        <edge id="e29" source="split_values/test_file#t14" target="split_values/test_file#text" label="PartOf/annis/">
        </edge>
        <edge id="e30" source="split_values/test_file#t15" target="split_values/test_file#text" label="PartOf/annis/">
        </edge>
    </graph>
</graphml>
