---
source: src/exporter/textgrid.rs
expression: export.unwrap()
---
---- test_doc.TextGrid:
File type = "ooTextFile"
Object class = "TextGrid"

xmin = 0
xmax = 5.55555
tiers? <exists>
size = 0
item []:


