---
source: src/exporter/sequence.rs
expression: estr.unwrap()
---
They buy and sell books .
They buy and sell books .


