---
source: src/exporter/saltxml/tests.rs
expression: serialization.unwrap()
---

