---
source: src/bin/documentation_generation/tests.rs
expression: actual
---
## Configuration

###  test

A test configuration.

###  enabled

Whether this module is *enabled*.


