---
source: src/importer/meta.rs
expression: serialization.unwrap()
---
identifier = "meta::id"
delimiter = "\t"
