---
source: src/importer/toolbox.rs
expression: serialization.unwrap()
---
target = "tx"
span = ["clause", "sentence"]
