---
source: tests/cli.rs
expression: output_err
---

