---
source: src/importer/treetagger/tests.rs
expression: serialization.unwrap()
---
column_names = ["a", "b", "c"]
file_encoding = "latin-1"
attribute_decoding = false
