---
source: src/importer/ptb/tests.rs
expression: serialization.unwrap()
---
edge_delimiter = "-"
